 
****************************************
Report : timing
        -path full
        -delay max
        -max_paths 1
Design : TPA
Version: S-2021.06-SP2
Date   : Fri Feb 13 18:17:51 2026
****************************************

 # A fanout number of 1000 was used for high fanout net computations.

Operating Conditions: slow   Library: slow
Wire Load Model Mode: top

  Startpoint: twp_addr_reg[3]
              (rising edge-triggered flip-flop clocked by clk)
  Endpoint: twp_data_reg[15]
            (rising edge-triggered flip-flop clocked by clk)
  Path Group: clk
  Path Type: max

  Des/Clust/Port     Wire Load Model       Library
  ------------------------------------------------
  TPA                tsmc13_wl10           slow

  Point                                    Incr       Path
  -----------------------------------------------------------
  clock clk (rise edge)                    0.00       0.00
  clock network delay (ideal)              0.50       0.50
  twp_addr_reg[3]/CK (EDFFXL)              0.00 #     0.50 r
  twp_addr_reg[3]/QN (EDFFXL)              0.76       1.26 f
  U6287/Y (OAI22X1)                        0.62       1.87 r
  U6180/Y (CLKINVX1)                       0.38       2.25 f
  U10441/Y (NOR2X1)                        0.70       2.95 r
  U4868/Y (NAND2X1)                        0.74       3.69 f
  U5906/Y (CLKBUFX3)                       1.01       4.70 f
  U5875/Y (CLKBUFX3)                       0.91       5.61 f
  U4875/Y (BUFX2)                          0.69       6.30 f
  U5025/Y (CLKBUFX3)                       0.96       7.25 f
  U13023/Y (OAI22XL)                       0.74       7.99 r
  U13026/Y (NOR4X1)                        0.25       8.24 f
  U13032/Y (AO22X1)                        0.43       8.67 f
  U13033/Y (AOI221XL)                      0.52       9.19 r
  U13160/Y (NAND4X1)                       0.41       9.60 f
  U6175/Y (OAI2BB2XL)                      0.41      10.02 f
  twp_data_reg[15]/D (EDFFXL)              0.00      10.02 f
  data arrival time                                  10.02

  clock clk (rise edge)                   10.00      10.00
  clock network delay (ideal)              0.50      10.50
  clock uncertainty                       -0.10      10.40
  twp_data_reg[15]/CK (EDFFXL)             0.00      10.40 r
  library setup time                      -0.38      10.02
  data required time                                 10.02
  -----------------------------------------------------------
  data required time                                 10.02
  data arrival time                                 -10.02
  -----------------------------------------------------------
  slack (MET)                                         0.00


1
