 
****************************************
Report : timing
        -path full
        -delay max
        -max_paths 1
Design : RFILE
Version: Q-2019.12
Date   : Sun Dec 21 18:55:50 2025
****************************************

Operating Conditions: slow   Library: slow
Wire Load Model Mode: top

  Startpoint: locationor/u_div_xt/clk_r_REG123_S1
              (rising edge-triggered flip-flop clocked by clk)
  Endpoint: locationor/u_div_xt/U_DIV_clk_r_REG44_S2
            (rising edge-triggered flip-flop clocked by clk)
  Path Group: clk
  Path Type: max

  Point                                                   Incr       Path
  --------------------------------------------------------------------------
  clock clk (rise edge)                                 0.0000     0.0000
  clock network delay (ideal)                           1.0000     1.0000
  locationor/u_div_xt/clk_r_REG123_S1/CK (SDFFRX2)      0.0000     1.0000 r
  locationor/u_div_xt/clk_r_REG123_S1/Q (SDFFRX2)       0.4824     1.4824 f
  locationor/u_div_xt/U118/Y (NOR2XL)                   0.1623     1.6447 r
  locationor/u_div_xt/U2296/Y (NAND3X1)                 0.1476     1.7923 f
  locationor/u_div_xt/U2299/Y (NOR2X1)                  0.1139     1.9063 r
  locationor/u_div_xt/U2300/Y (AND2X2)                  0.1372     2.0435 r
  locationor/u_div_xt/U201/Y (NAND2X1)                  0.0640     2.1075 f
  locationor/u_div_xt/U289/Y (INVX1)                    0.0832     2.1907 r
  locationor/u_div_xt/U786/Y (AOI21XL)                  0.0878     2.2785 f
  locationor/u_div_xt/U2328/Y (XOR2X1)                  0.1753     2.4538 r
  locationor/u_div_xt/U194/Y (INVX1)                    0.0785     2.5323 f
  locationor/u_div_xt/U34/Y (OAI21XL)                   0.1701     2.7024 r
  locationor/u_div_xt/U562/Y (OAI21XL)                  0.1139     2.8163 f
  locationor/u_div_xt/U2333/Y (AOI21X1)                 0.1941     3.0105 r
  locationor/u_div_xt/U2334/Y (INVX1)                   0.0986     3.1091 f
  locationor/u_div_xt/U2341/Y (MXI2X1)                  0.1726     3.2817 f
  locationor/u_div_xt/U2342/Y (CLKMX2X2)                0.2001     3.4818 f
  locationor/u_div_xt/U2343/Y (CLKMX2X2)                0.2509     3.7327 f
  locationor/u_div_xt/U1465/Y (INVXL)                   0.1494     3.8821 r
  locationor/u_div_xt/U1313/Y (NAND2XL)                 0.0819     3.9640 f
  locationor/u_div_xt/U2348/Y (NAND3X1)                 0.1398     4.1038 r
  locationor/u_div_xt/U2349/Y (NAND2X1)                 0.0643     4.1681 f
  locationor/u_div_xt/U2350/Y (NAND2X1)                 0.1134     4.2815 r
  locationor/u_div_xt/U2351/Y (NAND2X2)                 0.1337     4.4152 f
  locationor/u_div_xt/U2380/Y (MXI2X1)                  0.1936     4.6088 r
  locationor/u_div_xt/U2384/Y (NAND3X1)                 0.1112     4.7200 f
  locationor/u_div_xt/U2385/Y (OAI21X1)                 0.0992     4.8192 r
  locationor/u_div_xt/U2387/Y (MXI2X2)                  0.1664     4.9856 f
  locationor/u_div_xt/U1002/Y (NAND2XL)                 0.1749     5.1605 r
  locationor/u_div_xt/U1132/Y (NAND3XL)                 0.1254     5.2858 f
  locationor/u_div_xt/U320/Y (NAND4X1)                  0.1586     5.4444 r
  locationor/u_div_xt/U1399/Y (NAND3XL)                 0.1075     5.5519 f
  locationor/u_div_xt/U632/Y (OAI2BB1X1)                0.0966     5.6485 r
  locationor/u_div_xt/U11/Y (NAND2X1)                   0.0667     5.7152 f
  locationor/u_div_xt/U231/Y (MXI2X2)                   0.1556     5.8708 r
  locationor/u_div_xt/U7/Y (CLKINVX1)                   0.1846     6.0554 f
  locationor/u_div_xt/U2182/Y (NAND2XL)                 0.1391     6.1945 r
  locationor/u_div_xt/U2122/Y (NAND3XL)                 0.1373     6.3318 f
  locationor/u_div_xt/U134/Y (NAND3XL)                  0.1778     6.5096 r
  locationor/u_div_xt/U144/Y (NAND4XL)                  0.1298     6.6395 f
  locationor/u_div_xt/U_DIV_clk_r_REG44_S2/D (SDFFSX4)
                                                        0.0000     6.6395 f
  data arrival time                                                6.6395

  clock clk (rise edge)                                 6.0000     6.0000
  clock network delay (ideal)                           1.0000     7.0000
  clock uncertainty                                    -0.1000     6.9000
  locationor/u_div_xt/U_DIV_clk_r_REG44_S2/CK (SDFFSX4)
                                                        0.0000     6.9000 r
  library setup time                                   -0.2605     6.6395
  data required time                                               6.6395
  --------------------------------------------------------------------------
  data required time                                               6.6395
  data arrival time                                               -6.6395
  --------------------------------------------------------------------------
  slack (MET)                                                      0.0000


1
