In mode: Internal_scan...
  Design has scan chains in this mode
  Design is scan routed
  Post-DFT DRC enabled

Information: Starting test design rule checking. (TEST-222)
  Loading test protocol
  ...basic checks...
  ...basic sequential cell checks...
  ...checking vector rules...
  ...checking clock rules...
  ...checking scan chain rules...
  ...checking scan compression rules...
  ...checking X-state rules...
  ...checking tristate rules...
  ...extracting scan details...

-----------------------------------------------------------------
  DRC Report

  Total violations: 0

-----------------------------------------------------------------


Test Design rule checking did not find violations

-----------------------------------------------------------------
  Sequential Cell Report

  0 out of 1377 sequential cells have violations

-----------------------------------------------------------------

SEQUENTIAL CELLS WITHOUT VIOLATIONS
      * 881 cells are valid scan cells
      * 496 cells are non-scan shift-register cells

Information: Test design rule checking completed. (TEST-123)
  Running test coverage estimation...
 142746 faults were added to fault list.
 ATPG performed for stuck fault model using internal pattern source.
 ----------------------------------------------------------
 #patterns     #faults     #ATPG faults  test      process
 stored     detect/active  red/au/abort  coverage  CPU time
 ---------  -------------  ------------  --------  --------
 Begin deterministic ATPG: #uncollapsed_faults=132014, abort_limit=10...
 0           78637  53377         0/0/8    62.59%      0.14
 0           10183  43194        0/0/11    69.72%      0.18
 0            7312  35882        0/0/13    74.85%      0.21
 0            4000  31882        0/0/15    77.65%      0.24
 0            3358  28524        0/0/17    80.01%      0.26
 0            2778  25746        0/0/21    81.95%      0.28
 0            2558  23188        0/0/22    83.75%      0.30
 0            2163  21025        0/0/24    85.26%      0.32
 0            1386  19639        0/0/26    86.23%      0.34
 0            1172  18467        0/0/27    87.06%      0.35
 0            1525  16942        0/0/29    88.12%      0.37
 0            1201  15740        1/0/30    88.97%      0.40
 0             764  14976        1/0/32    89.50%      0.41
 0            1245  13731        1/0/33    90.38%      0.43
 0             610  13121        1/0/35    90.80%      0.44
 0             625  12496        1/0/35    91.24%      0.45
 0             477  12019        1/0/35    91.58%      0.47
 0             617  11402        1/0/36    92.01%      0.48
 0             531  10870        2/0/38    92.38%      0.50
 0             530  10340        2/0/39    92.75%      0.51
 0             620   9720        2/0/41    93.19%      0.53
 0             454   9266        2/0/44    93.51%      0.54
 0             364   8902        2/0/44    93.76%      0.56
 0             285   8617        2/0/45    93.96%      0.58
 0             377   8240        2/0/46    94.22%      0.59
 0             370   7870        2/0/47    94.48%      0.60
 0             208   7662        2/0/47    94.63%      0.61
 0             304   7358        2/0/49    94.84%      0.63
 0             296   7061        3/0/50    95.05%      0.64
 0             230   6831        3/0/50    95.21%      0.65
 0             307   6524        3/0/51    95.43%      0.66
 0             304   6220        3/0/52    95.64%      0.67
 0             238   5982        3/0/52    95.81%      0.69
 0             267   5715        3/0/54    95.99%      0.70
 0             198   5517        3/0/55    96.13%      0.71
 0             216   5301        3/0/56    96.28%      0.72
 0             234   5067        3/0/57    96.45%      0.73
 0             193   4874        3/0/58    96.58%      0.74
 0             198   4676        3/0/58    96.72%      0.76
 0             139   4537        3/0/60    96.82%      0.78
 0             135   4402        3/0/62    96.91%      0.79
 0             178   4224        3/0/64    97.04%      0.81
 0             153   4071        3/0/65    97.15%      0.82
 0             167   3904        3/0/65    97.26%      0.83
 0             167   3737        3/0/66    97.38%      0.84
 0             153   3584        3/0/66    97.49%      0.85
 0             144   3440        3/0/66    97.59%      0.87
 0             135   3305        3/0/68    97.68%      0.88
 0             157   3148        3/0/69    97.79%      0.89
 0             139   3009        3/0/69    97.89%      0.90
 0             133   2876        3/0/70    97.98%      0.91
 0             121   2753        5/0/70    98.07%      0.92
 0             133   2619        6/0/71    98.16%      0.93
 0             133   2485        7/0/73    98.26%      0.95
 0             105   2380        7/0/73    98.33%      0.96
 0              87   2293        7/0/74    98.39%      0.97
 0             103   2190        7/0/75    98.46%      0.99
 0              95   2095        7/0/75    98.53%      1.00
 0             110   1982        8/0/76    98.61%      1.01
 0              82   1900        8/0/77    98.67%      1.02
 0              81   1819        8/0/79    98.72%      1.03
 0              94   1725        8/0/81    98.79%      1.04
 0              81   1641        9/0/81    98.85%      1.05
 0              82   1556       10/0/81    98.91%      1.06
 0             104   1452       10/0/82    98.98%      1.07
 0              81   1371       10/0/82    99.04%      1.08
 0              77   1294       10/0/83    99.09%      1.09
 0              91   1203       10/0/83    99.16%      1.10
 0              77   1126       10/0/85    99.21%      1.11
 0             100   1026       10/0/86    99.28%      1.12
 0              63    963       10/0/88    99.32%      1.13
 0              82    881       10/0/90    99.38%      1.14
 0              91    789       11/0/91    99.45%      1.15
 0              74    715       11/0/92    99.50%      1.17
 0              64    651       11/0/93    99.54%      1.18
 0              63    587       12/0/94    99.59%      1.19
 0              61    526       12/0/94    99.63%      1.20
 0              65    461       12/0/94    99.68%      1.21
 0              67    394       12/0/94    99.72%      1.22
 0              61    333       12/0/94    99.77%      1.23
 0              49    284       12/0/94    99.80%      1.24
 0              56    228       12/0/94    99.84%      1.25
 0              45    183       12/0/94    99.87%      1.25
 0              49    134       12/0/94    99.91%      1.26
 0              10    124       12/0/94    99.91%      1.27
 
            Pattern Summary Report
 -----------------------------------------------
 #internal patterns                           0
 -----------------------------------------------
 

     Uncollapsed Stuck Fault Summary Report
 -----------------------------------------------
 fault class                     code   #faults
 ------------------------------  ----  ---------
 Detected                         DT     142525
 Possibly detected                PT          0
 Undetectable                     UD         97
 ATPG untestable                  AU          0
 Not detected                     ND        124
 -----------------------------------------------
 total faults                            142746
 test coverage                            99.91%
 -----------------------------------------------
  Information: The test coverage above may be inferior
               than the real test coverage with customized
               protocol and test simulation library.
1
