 
****************************************
Report : area
Design : huffman
Version: S-2021.06-SP2
Date   : Thu Oct 30 17:31:05 2025
****************************************

Library(s) Used:

    fsa0m_a_generic_core_ss1p62v125c (File: /mnt2/CBDK_UMC_180nm_Faraday_v1.1/orig_lib/fsa0m_a/2009Q2v2.0/GENERIC_CORE/FrontEnd/synopsys/fsa0m_a_generic_core_ss1p62v125c.db)
    fsa0m_a_t33_generic_io_ss1p62v125c (File: /mnt2/CBDK_UMC_180nm_Faraday_v1.1/orig_lib/fsa0m_a/2008Q3v1.2/T33_GENERIC_IO/FrontEnd/synopsys/fsa0m_a_t33_generic_io_ss1p62v125c.db)

Number of ports:                          306
Number of nets:                          1703
Number of cells:                         1420
Number of combinational cells:           1172
Number of sequential cells:               213
Number of macros/black boxes:              28
Number of buf/inv:                        144
Number of references:                      21

Combinational area:              17851.982518
Buf/Inv area:                      949.939190
Noncombinational area:           14642.812340
Macro/Black Box area:           245680.804688
Net Interconnect area:      undefined  (Wire load has zero net area)

Total cell area:                278175.599545
Total area:                 undefined

Hierarchical area distribution
------------------------------

                                  Global cell area                Local cell area
                                  --------------------  ----------------------------------- 
Hierarchical cell                 Absolute     Percent  Combi-      Noncombi-   Black-
                                  Total        Total    national    national    boxes        Design
--------------------------------  -----------  -------  ----------  ----------  -----------  ---------------------
huffman                           278175.5995    100.0   1390.5360      0.0000  245680.8047  huffman
FSM1                                 999.9360      0.4    518.7168    481.2192       0.0000  FSM_control_test_1
cnt                                 4268.4767      1.5   1381.1616   2887.3151       0.0000  calculate_test_1
group_devider                      14308.4590      5.1   7708.8817   6599.5774       0.0000  group_devide_test_1
pointer                              268.7328      0.1    131.2416    137.4912       0.0000  point_test_1
serial_counter                       390.6000      0.1    184.3632    206.2368       0.0000  serial_counter_test_1
sort_counter                         318.7296      0.1    112.4928    206.2368       0.0000  sort_count_test_1
sorter                             10549.3247      3.8   6424.5888   4124.7359       0.0000  sort_test_1
--------------------------------  -----------  -------  ----------  ----------  -----------  ---------------------
Total                                                   17851.9825  14642.8123  245680.8047

1
