Information: Propagating switching activity (low effort zero delay simulation). (PWR-6)
Warning: Design has unannotated primary inputs. (PWR-414)
Warning: Design has unannotated sequential cell outputs. (PWR-415)
 
****************************************
Report : power
        -analysis_effort low
Design : RFILE
Version: Q-2019.12
Date   : Sun Dec 21 18:13:43 2025
****************************************


Library(s) Used:

    slow (File: /usr/cad/CBDK/CBDK_IC_Contest_v2.5/SynopsysDC/db/slow.db)


Operating Conditions: slow   Library: slow
Wire Load Model Mode: top


Global Operating Voltage = 1.08 
Power-specific unit information :
    Voltage Units = 1V
    Capacitance Units = 1.000000pf
    Time Units = 1ns
    Dynamic Power Units = 1mW    (derived from V,C,T units)
    Leakage Power Units = 1pW


  Cell Internal Power  =   3.3392 mW   (85%)
  Net Switching Power  = 611.3170 uW   (15%)
                         ---------
Total Dynamic Power    =   3.9506 mW  (100%)

Cell Leakage Power     = 127.1742 uW


                 Internal         Switching           Leakage            Total
Power Group      Power            Power               Power              Power   (   %    )  Attrs
--------------------------------------------------------------------------------------------------
io_pad             0.0000            0.0000            0.0000            0.0000  (   0.00%)
memory             0.0000            0.0000            0.0000            0.0000  (   0.00%)
black_box          0.0000            0.0000            0.0000            0.0000  (   0.00%)
clock_network      0.0000            0.0000            0.0000            0.0000  (   0.00%)
register           2.1526        9.8752e-02        3.3496e+07            2.2849  (  56.03%)
sequential         0.0000            0.0000            0.0000            0.0000  (   0.00%)
combinational      1.1866            0.5126        9.3679e+07            1.7928  (  43.97%)
--------------------------------------------------------------------------------------------------
Total              3.3392 mW         0.6113 mW     1.2717e+08 pW         4.0777 mW
1
