Loading db file '/mnt2/CBDK_TSMC_130nm_Arm_v2.5/SynopsysDC/db/slow.db'
Information: Propagating switching activity (low effort zero delay simulation). (PWR-6)
Warning: Design has unannotated primary inputs. (PWR-414)
Warning: Design has unannotated sequential cell outputs. (PWR-415)
 
****************************************
Report : power
        -analysis_effort low
Design : IOTDF
Version: S-2021.06-SP2
Date   : Thu Feb  5 23:21:33 2026
****************************************


Library(s) Used:

    slow (File: /mnt2/CBDK_TSMC_130nm_Arm_v2.5/SynopsysDC/db/slow.db)


Operating Conditions: slow   Library: slow
Wire Load Model Mode: top


Global Operating Voltage = 1.08 
Power-specific unit information :
    Voltage Units = 1V
    Capacitance Units = 1.000000pf
    Time Units = 1ns
    Dynamic Power Units = 1mW    (derived from V,C,T units)
    Leakage Power Units = 1pW


  Cell Internal Power  =   1.8977 mW   (98%)
  Net Switching Power  =  40.4446 uW    (2%)
                         ---------
Total Dynamic Power    =   1.9381 mW  (100%)

Cell Leakage Power     =  48.8535 uW


                 Internal         Switching           Leakage            Total
Power Group      Power            Power               Power              Power   (   %    )  Attrs
--------------------------------------------------------------------------------------------------
io_pad             0.0000            0.0000            0.0000            0.0000  (   0.00%)
memory             0.0000            0.0000            0.0000            0.0000  (   0.00%)
black_box          0.0000            0.0000            0.0000            0.0000  (   0.00%)
clock_network      0.0000            0.0000            0.0000            0.0000  (   0.00%)
register           1.8768        5.5335e-03        2.7134e+07            1.9095  (  96.10%)
sequential         0.0000            0.0000            0.0000            0.0000  (   0.00%)
combinational  2.0844e-02        3.4911e-02        2.1720e+07        7.7474e-02  (   3.90%)
--------------------------------------------------------------------------------------------------
Total              1.8977 mW     4.0445e-02 mW     4.8854e+07 pW         1.9870 mW
1
