In mode: Internal_scan...
  Design has scan chains in this mode
  Design is scan routed
  Post-DFT DRC enabled

Information: Starting test design rule checking. (TEST-222)
  Loading test protocol
  ...basic checks...
  ...basic sequential cell checks...
  ...checking vector rules...
  ...checking clock rules...
  ...checking scan chain rules...
  ...checking scan compression rules...
  ...checking X-state rules...
  ...checking tristate rules...
  ...extracting scan details...

-----------------------------------------------------------------
  DRC Report

  Total violations: 0

-----------------------------------------------------------------


Test Design rule checking did not find violations

-----------------------------------------------------------------
  Sequential Cell Report

  0 out of 213 sequential cells have violations

-----------------------------------------------------------------

SEQUENTIAL CELLS WITHOUT VIOLATIONS
      * 213 cells are valid scan cells

Information: Test design rule checking completed. (TEST-123)
  Running test coverage estimation...
 11758 faults were added to fault list.
 ATPG performed for stuck fault model using internal pattern source.
 ----------------------------------------------------------
 #patterns     #faults     #ATPG faults  test      process
 stored     detect/active  red/au/abort  coverage  CPU time
 ---------  -------------  ------------  --------  --------
 Begin deterministic ATPG: #uncollapsed_faults=10015, abort_limit=10...
 0            6035   3980         0/0/0    66.14%      0.01
 0            1563   2417         0/0/0    79.44%      0.01
 0             817   1599         1/0/0    86.40%      0.03
 0             424   1175         1/0/0    90.00%      0.03
 0             230    944         2/0/0    91.97%      0.03
 0             234    709         3/0/0    93.97%      0.04
 0             183    525         4/0/0    95.53%      0.04
 0             128    396         5/0/0    96.63%      0.04
 0             108    287         6/0/0    97.56%      0.04
 0              74    212         7/0/0    98.20%      0.05
 0              88    122         9/0/1    98.96%      0.06
 0              72     47        12/0/1    99.60%      0.06
 0              45      2        12/0/1    99.98%      0.07
 0               1      1        12/0/1    99.99%      0.07
 
            Pattern Summary Report
 -----------------------------------------------
 #internal patterns                           0
 -----------------------------------------------
 

     Uncollapsed Stuck Fault Summary Report
 -----------------------------------------------
 fault class                     code   #faults
 ------------------------------  ----  ---------
 Detected                         DT      11743
 Possibly detected                PT          0
 Undetectable                     UD         14
 ATPG untestable                  AU          0
 Not detected                     ND          1
 -----------------------------------------------
 total faults                             11758
 test coverage                            99.99%
 -----------------------------------------------
  Information: The test coverage above may be inferior
               than the real test coverage with customized
               protocol and test simulation library.
1
