In mode: Internal_scan...
  Design has scan chains in this mode
  Design is scan routed
  Post-DFT DRC enabled

Information: Starting test design rule checking. (TEST-222)
  Loading test protocol
  ...basic checks...
  ...basic sequential cell checks...
  ...checking vector rules...
  ...checking clock rules...
  ...checking scan chain rules...
  ...checking scan compression rules...
  ...checking X-state rules...
  ...checking tristate rules...
  ...extracting scan details...

-----------------------------------------------------------------
  DRC Report

  Total violations: 0

-----------------------------------------------------------------


Test Design rule checking did not find violations

-----------------------------------------------------------------
  Sequential Cell Report

  0 out of 1377 sequential cells have violations

-----------------------------------------------------------------

SEQUENTIAL CELLS WITHOUT VIOLATIONS
      * 876 cells are valid scan cells
      * 501 cells are non-scan shift-register cells

Information: Test design rule checking completed. (TEST-123)
  Running test coverage estimation...
 146098 faults were added to fault list.
 0           82035  52803        0/0/10    63.84%      0.15
 0           10278  42525        0/0/13    70.88%      0.19
 0            5890  36635        0/0/14    74.91%      0.21
 0            4508  32127        0/0/17    78.00%      0.24
 0            3296  28831        0/0/21    80.26%      0.27
 0            3302  25529        0/0/22    82.52%      0.29
 0            2063  23466        0/0/23    83.93%      0.31
 0            1555  21911        0/0/23    85.00%      0.32
 0            1918  19993        0/0/24    86.31%      0.34
 0            1161  18832        0/0/25    87.10%      0.36
 0            1288  17544        0/0/28    87.99%      0.38
 0            1074  16470        0/0/29    88.72%      0.39
 0             882  15588        0/0/30    89.33%      0.41
 0             806  14782        0/0/30    89.88%      0.43
 0             760  14022        0/0/31    90.40%      0.45
 0             763  13259        0/0/32    90.92%      0.46
 0             798  12461        0/0/34    91.47%      0.48
 0             637  11824        0/0/35    91.90%      0.50
 0             533  11291        0/0/36    92.27%      0.52
 0             560  10731        0/0/36    92.65%      0.54
 0             450  10281        0/0/37    92.96%      0.55
 0             424   9857        0/0/38    93.25%      0.57
 0             402   9455        0/0/39    93.53%      0.58
 0             378   9076        1/0/41    93.78%      0.59
 0             366   8710        1/0/43    94.04%      0.61
 0             375   8335        1/0/45    94.29%      0.62
 0             327   8008        1/0/48    94.52%      0.64
 0             345   7663        1/0/49    94.75%      0.65
 0             278   7385        1/0/50    94.94%      0.66
 0             316   7069        1/0/52    95.16%      0.68
 0             293   6776        1/0/53    95.36%      0.69
 0             254   6520        3/0/54    95.53%      0.71
 0             265   6255        3/0/55    95.72%      0.72
 0             309   5945        4/0/58    95.93%      0.73
 0             215   5730        4/0/58    96.08%      0.75
 0             207   5523        4/0/59    96.22%      0.77
 0             192   5329        6/0/61    96.35%      0.78
 0             205   5124        6/0/62    96.49%      0.79
 0             173   4951        6/0/64    96.61%      0.80
 0             225   4725        7/0/65    96.76%      0.81
 0             187   4538        7/0/67    96.89%      0.83
 0             172   4361        9/0/67    97.01%      0.84
 0             214   4147        9/0/67    97.16%      0.85
 0             146   4001        9/0/68    97.26%      0.86
 0             138   3863        9/0/70    97.35%      0.87
 0             151   3712        9/0/72    97.46%      0.89
 0             126   3586        9/0/73    97.54%      0.90
 0             135   3451        9/0/73    97.64%      0.91
 0             141   3310        9/0/75    97.73%      0.92
 0             151   3158       10/0/75    97.84%      0.93
 0             132   3026       10/0/76    97.93%      0.95
 0             111   2915       10/0/78    98.00%      0.97
 0             148   2767       10/0/79    98.10%      0.98
 0             132   2635       10/0/82    98.20%      0.99
 0             100   2535       10/0/82    98.26%      1.00
 0              88   2447       10/0/85    98.32%      1.01
 0             107   2340       10/0/87    98.40%      1.02
 0             129   2209       12/0/87    98.49%      1.03
 0             101   2108       12/0/89    98.56%      1.04
 0              99   2008       13/0/90    98.62%      1.06
 0              91   1917       13/0/92    98.69%      1.07
 0              65   1850       15/0/93    98.73%      1.08
 0             111   1739       15/0/95    98.81%      1.09
 0              94   1645       15/0/96    98.87%      1.11
 0              71   1574       15/0/96    98.92%      1.12
 0              67   1500       18/0/98    98.97%      1.14
 0              94   1406       18/0/99    99.04%      1.15
 0              73   1333      18/0/100    99.09%      1.16
 0              80   1253      18/0/101    99.14%      1.17
 0              89   1164      18/0/104    99.20%      1.18
 0              78   1086      18/0/106    99.26%      1.19
 0              92    994      18/0/106    99.32%      1.20
 0              70    923      19/0/107    99.37%      1.21
 0              64    859      19/0/110    99.41%      1.22
 0              74    784      20/0/110    99.46%      1.23
 0              56    725      22/1/111    99.50%      1.24
 0              76    649      22/1/111    99.55%      1.25
 0              60    585      23/1/111    99.60%      1.26
 0              62    517      24/1/112    99.65%      1.27
 0              81    436      24/1/112    99.70%      1.29
 0              71    365      24/1/112    99.75%      1.30
 0              54    311      24/1/112    99.79%      1.31
 0              55    255      25/1/112    99.82%      1.32
 0              53    201      26/1/112    99.86%      1.33
 0              50    150      27/1/112    99.90%      1.34
 0              12    138      27/1/112    99.90%      1.34
 
            Pattern Summary Report
 -----------------------------------------------
 #internal patterns                           0
 -----------------------------------------------
 

     Uncollapsed Stuck Fault Summary Report
 -----------------------------------------------
 fault class                     code   #faults
 ------------------------------  ----  ---------
 Detected                         DT     145846
 Possibly detected                PT          0
 Undetectable                     UD        113
 ATPG untestable                  AU          1
 Not detected                     ND        138
 -----------------------------------------------
 total faults                            146098
 test coverage                            99.90%
 -----------------------------------------------
  Information: The test coverage above may be inferior
               than the real test coverage with customized
               protocol and test simulation library.
1
