 
****************************************
Report : area
Design : RFILE
Version: Q-2019.12
Date   : Sun Dec 21 21:54:51 2025
****************************************

Library(s) Used:

    slow (File: /usr/cad/CBDK/CBDK_IC_Contest_v2.5/SynopsysDC/db/slow.db)

Number of ports:                         1150
Number of nets:                         23583
Number of cells:                        21165
Number of combinational cells:          19774
Number of sequential cells:              1377
Number of macros/black boxes:               0
Number of buf/inv:                       3295
Number of references:                      10

Combinational area:             189499.431263
Buf/Inv area:                    13845.691618
Noncombinational area:           56491.169128
Macro/Black Box area:                0.000000
Net Interconnect area:      undefined  (No wire load specified)

Total cell area:                245990.600392
Total area:                 undefined

Hierarchical area distribution
------------------------------

                                  Global cell area              Local cell area
                                  --------------------  ------------------------------- 
Hierarchical cell                 Absolute     Percent  Combi-       Noncombi-   Black-
                                  Total        Total    national     national    boxes   Design
--------------------------------  -----------  -------  -----------  ----------  ------  --------------------------------
RFILE                             245990.6004    100.0      13.5792      0.0000  0.0000  RFILE
busy_controlor                        42.4350      0.0       3.3948     39.0402  0.0000  busy_control_test_1
cal_distancer                      19204.3836      7.8   14713.0631   4491.3205  0.0000  cal_distance_test_1
caler_exp                           7427.8223      3.0    5693.0796   1734.7427  0.0000  cal_exp_test_1
complementer                        2352.5964      1.0      10.1844   2342.4120  0.0000  complement_test_1
constant_calculater                15571.9475      6.3    7933.6475   7638.3000  0.0000  constant_calculate_test_1
counter_tester                       271.5840      0.1      59.4090    212.1750  0.0000  counter_test_test_1
locationor                        201048.5408     81.7   80964.2820    936.9648  0.0000  location_test_1
locationor/u_div_xt                58979.5570     24.0   39873.6227  19105.9343  0.0000  location_DW_div_pipe_J1_1_test_1
locationor/u_div_yt                60167.7370     24.5   40218.1950  19949.5421  0.0000  location_DW_div_pipe_J1_0_test_1
valid_controlor                       57.7116      0.0      16.9740     40.7376  0.0000  valid_control_test_1
--------------------------------  -----------  -------  -----------  ----------  ------  --------------------------------
Total                                                   189499.4313  56491.1691  0.0000

1
